#-----------------------------------------------------------
# Webtalk v2018.2 (64-bit)
# SW Build 2258646 on Thu Jun 14 20:02:38 MDT 2018
# IP Build 2256618 on Thu Jun 14 22:10:49 MDT 2018
# Start of session at: Thu Feb 11 13:27:12 2021
# Process ID: 5580
# Current directory: /net/s/jdomingos/Documents/S4/EN224-Test-et-verification/2_Hardware/Etape_2/PGCD_e/PGCD_e.sim/sim_1/behav/xsim
# Command line: wbtcv -mode batch -source /net/s/jdomingos/Documents/S4/EN224-Test-et-verification/2_Hardware/Etape_2/PGCD_e/PGCD_e.sim/sim_1/behav/xsim/xsim.dir/PGCD_tb_behav/webtalk/xsim_webtalk.tcl -notrace
# Log file: /net/s/jdomingos/Documents/S4/EN224-Test-et-verification/2_Hardware/Etape_2/PGCD_e/PGCD_e.sim/sim_1/behav/xsim/webtalk.log
# Journal file: /net/s/jdomingos/Documents/S4/EN224-Test-et-verification/2_Hardware/Etape_2/PGCD_e/PGCD_e.sim/sim_1/behav/xsim/webtalk.jou
#-----------------------------------------------------------
source /net/s/jdomingos/Documents/S4/EN224-Test-et-verification/2_Hardware/Etape_2/PGCD_e/PGCD_e.sim/sim_1/behav/xsim/xsim.dir/PGCD_tb_behav/webtalk/xsim_webtalk.tcl -notrace
